Archive member included because of file (symbol)

c:/program files (x86)/atmel/atmel toolchain/avr8 gcc/native/3.4.1061/avr8-gnu-toolchain/bin/../lib/gcc/avr/4.8.1/avr6\libgcc.a(_exit.o)
                              c:/program files (x86)/atmel/atmel toolchain/avr8 gcc/native/3.4.1061/avr8-gnu-toolchain/bin/../lib/gcc/avr/4.8.1/../../../../avr/lib/avr6/crtm2560.o (exit)
c:/program files (x86)/atmel/atmel toolchain/avr8 gcc/native/3.4.1061/avr8-gnu-toolchain/bin/../lib/gcc/avr/4.8.1/avr6\libgcc.a(_copy_data.o)
                              EletricSystem.o (__do_copy_data)
c:/program files (x86)/atmel/atmel toolchain/avr8 gcc/native/3.4.1061/avr8-gnu-toolchain/bin/../lib/gcc/avr/4.8.1/avr6\libgcc.a(_clear_bss.o)
                              EletricSystem.o (__do_clear_bss)
c:/program files (x86)/atmel/atmel toolchain/avr8 gcc/native/3.4.1061/avr8-gnu-toolchain/bin/../lib/gcc/avr/4.8.1/avr6\libgcc.a(_ctors.o)
                              EletricSystem.o (__do_global_ctors)
c:/program files (x86)/atmel/atmel toolchain/avr8 gcc/native/3.4.1061/avr8-gnu-toolchain/bin/../lib/gcc/avr/4.8.1/avr6\libgcc.a(_tablejump_elpm.o)
                              c:/program files (x86)/atmel/atmel toolchain/avr8 gcc/native/3.4.1061/avr8-gnu-toolchain/bin/../lib/gcc/avr/4.8.1/avr6\libgcc.a(_ctors.o) (__tablejump_elpm__)

Discarded input sections

 .data          0x00000000        0x0 c:/program files (x86)/atmel/atmel toolchain/avr8 gcc/native/3.4.1061/avr8-gnu-toolchain/bin/../lib/gcc/avr/4.8.1/../../../../avr/lib/avr6/crtm2560.o
 .bss           0x00000000        0x0 c:/program files (x86)/atmel/atmel toolchain/avr8 gcc/native/3.4.1061/avr8-gnu-toolchain/bin/../lib/gcc/avr/4.8.1/../../../../avr/lib/avr6/crtm2560.o
 .text          0x00000000        0x0 EletricSystem.o
 .data          0x00000000        0x0 EletricSystem.o
 .bss           0x00000000        0x0 EletricSystem.o
 .text._ZN18EletricSystemClass11DesligarLedE11ComodosEnumi
                0x00000000       0x68 EletricSystem.o
 .text._ZN7Comodos12GetLampadaIDE11ComodosEnum
                0x00000000       0x3e EletricSystem.o
 .text._ZN7Comodos11GetSensorIDE11ComodosEnum
                0x00000000       0x3e EletricSystem.o
 .text._ZN18EletricSystemClass9DimerizarE11ComodosEnum
                0x00000000      0x218 EletricSystem.o
 .progmem.data.digital_pin_to_timer_PGM
                0x00000000       0x46 EletricSystem.o
 .progmem.data.digital_pin_to_bit_mask_PGM
                0x00000000       0x46 EletricSystem.o
 .progmem.data.digital_pin_to_port_PGM
                0x00000000       0x46 EletricSystem.o
 .progmem.data.port_to_input_PGM
                0x00000000       0x1a EletricSystem.o
 .progmem.data.port_to_output_PGM
                0x00000000       0x1a EletricSystem.o
 .progmem.data.port_to_mode_PGM
                0x00000000       0x1a EletricSystem.o
 .text          0x00000000        0x0 MainClass.o
 .data          0x00000000        0x0 MainClass.o
 .bss           0x00000000        0x0 MainClass.o
 .text._ZN9MainClass5setupEv
                0x00000000      0x164 MainClass.o
 .rodata.str1.1
                0x00000000       0x14 MainClass.o
 .text._ZN9MainClass4loopEv
                0x00000000      0x222 MainClass.o
 .bss.mainClass
                0x00000000        0x1 MainClass.o
 .progmem.data.digital_pin_to_timer_PGM
                0x00000000       0x46 MainClass.o
 .progmem.data.digital_pin_to_bit_mask_PGM
                0x00000000       0x46 MainClass.o
 .progmem.data.digital_pin_to_port_PGM
                0x00000000       0x46 MainClass.o
 .progmem.data.port_to_input_PGM
                0x00000000       0x1a MainClass.o
 .progmem.data.port_to_output_PGM
                0x00000000       0x1a MainClass.o
 .progmem.data.port_to_mode_PGM
                0x00000000       0x1a MainClass.o
 .debug_info    0x00000000     0x1f56 MainClass.o
 .debug_abbrev  0x00000000      0x392 MainClass.o
 .debug_loc     0x00000000       0xe6 MainClass.o
 .debug_aranges
                0x00000000       0x28 MainClass.o
 .debug_ranges  0x00000000       0x18 MainClass.o
 .debug_line    0x00000000      0x2ba MainClass.o
 .debug_str     0x00000000     0x12b3 MainClass.o
 .comment       0x00000000       0x31 MainClass.o
 .debug_frame   0x00000000       0x58 MainClass.o
 .text          0x00000000        0x0 WaterSystem.o
 .data          0x00000000        0x0 WaterSystem.o
 .bss           0x00000000        0x0 WaterSystem.o
 .text._ZN16WaterSystemClass11GetVolumeR1Ev
                0x00000000        0x8 WaterSystem.o
 .text._ZN16WaterSystemClass11GetVolumeR2Ev
                0x00000000        0x8 WaterSystem.o
 .text._ZN16WaterSystemClass15GetVolumeTanqueEv
                0x00000000        0x8 WaterSystem.o
 .text._ZN16WaterSystemClass8GetFluxoEv
                0x00000000        0x8 WaterSystem.o
 .text._ZN16WaterSystemClass16ControlarTanquesEv
                0x00000000      0x26a WaterSystem.o
 .progmem.data.digital_pin_to_timer_PGM
                0x00000000       0x46 WaterSystem.o
 .progmem.data.digital_pin_to_bit_mask_PGM
                0x00000000       0x46 WaterSystem.o
 .progmem.data.digital_pin_to_port_PGM
                0x00000000       0x46 WaterSystem.o
 .progmem.data.port_to_input_PGM
                0x00000000       0x1a WaterSystem.o
 .progmem.data.port_to_output_PGM
                0x00000000       0x1a WaterSystem.o
 .progmem.data.port_to_mode_PGM
                0x00000000       0x1a WaterSystem.o
 .text          0x00000000        0x0 c:/program files (x86)/atmel/atmel toolchain/avr8 gcc/native/3.4.1061/avr8-gnu-toolchain/bin/../lib/gcc/avr/4.8.1/avr6\libgcc.a(_exit.o)
 .data          0x00000000        0x0 c:/program files (x86)/atmel/atmel toolchain/avr8 gcc/native/3.4.1061/avr8-gnu-toolchain/bin/../lib/gcc/avr/4.8.1/avr6\libgcc.a(_exit.o)
 .bss           0x00000000        0x0 c:/program files (x86)/atmel/atmel toolchain/avr8 gcc/native/3.4.1061/avr8-gnu-toolchain/bin/../lib/gcc/avr/4.8.1/avr6\libgcc.a(_exit.o)
 .text.libgcc.mul
                0x00000000        0x0 c:/program files (x86)/atmel/atmel toolchain/avr8 gcc/native/3.4.1061/avr8-gnu-toolchain/bin/../lib/gcc/avr/4.8.1/avr6\libgcc.a(_exit.o)
 .text.libgcc.div
                0x00000000        0x0 c:/program files (x86)/atmel/atmel toolchain/avr8 gcc/native/3.4.1061/avr8-gnu-toolchain/bin/../lib/gcc/avr/4.8.1/avr6\libgcc.a(_exit.o)
 .text.libgcc   0x00000000        0x0 c:/program files (x86)/atmel/atmel toolchain/avr8 gcc/native/3.4.1061/avr8-gnu-toolchain/bin/../lib/gcc/avr/4.8.1/avr6\libgcc.a(_exit.o)
 .text.libgcc.prologue
                0x00000000        0x0 c:/program files (x86)/atmel/atmel toolchain/avr8 gcc/native/3.4.1061/avr8-gnu-toolchain/bin/../lib/gcc/avr/4.8.1/avr6\libgcc.a(_exit.o)
 .text.libgcc.builtins
                0x00000000        0x0 c:/program files (x86)/atmel/atmel toolchain/avr8 gcc/native/3.4.1061/avr8-gnu-toolchain/bin/../lib/gcc/avr/4.8.1/avr6\libgcc.a(_exit.o)
 .text.libgcc.fmul
                0x00000000        0x0 c:/program files (x86)/atmel/atmel toolchain/avr8 gcc/native/3.4.1061/avr8-gnu-toolchain/bin/../lib/gcc/avr/4.8.1/avr6\libgcc.a(_exit.o)
 .text.libgcc.fixed
                0x00000000        0x0 c:/program files (x86)/atmel/atmel toolchain/avr8 gcc/native/3.4.1061/avr8-gnu-toolchain/bin/../lib/gcc/avr/4.8.1/avr6\libgcc.a(_exit.o)
 .text          0x00000000        0x0 c:/program files (x86)/atmel/atmel toolchain/avr8 gcc/native/3.4.1061/avr8-gnu-toolchain/bin/../lib/gcc/avr/4.8.1/avr6\libgcc.a(_copy_data.o)
 .data          0x00000000        0x0 c:/program files (x86)/atmel/atmel toolchain/avr8 gcc/native/3.4.1061/avr8-gnu-toolchain/bin/../lib/gcc/avr/4.8.1/avr6\libgcc.a(_copy_data.o)
 .bss           0x00000000        0x0 c:/program files (x86)/atmel/atmel toolchain/avr8 gcc/native/3.4.1061/avr8-gnu-toolchain/bin/../lib/gcc/avr/4.8.1/avr6\libgcc.a(_copy_data.o)
 .text.libgcc.mul
                0x00000000        0x0 c:/program files (x86)/atmel/atmel toolchain/avr8 gcc/native/3.4.1061/avr8-gnu-toolchain/bin/../lib/gcc/avr/4.8.1/avr6\libgcc.a(_copy_data.o)
 .text.libgcc.div
                0x00000000        0x0 c:/program files (x86)/atmel/atmel toolchain/avr8 gcc/native/3.4.1061/avr8-gnu-toolchain/bin/../lib/gcc/avr/4.8.1/avr6\libgcc.a(_copy_data.o)
 .text.libgcc   0x00000000        0x0 c:/program files (x86)/atmel/atmel toolchain/avr8 gcc/native/3.4.1061/avr8-gnu-toolchain/bin/../lib/gcc/avr/4.8.1/avr6\libgcc.a(_copy_data.o)
 .text.libgcc.prologue
                0x00000000        0x0 c:/program files (x86)/atmel/atmel toolchain/avr8 gcc/native/3.4.1061/avr8-gnu-toolchain/bin/../lib/gcc/avr/4.8.1/avr6\libgcc.a(_copy_data.o)
 .text.libgcc.builtins
                0x00000000        0x0 c:/program files (x86)/atmel/atmel toolchain/avr8 gcc/native/3.4.1061/avr8-gnu-toolchain/bin/../lib/gcc/avr/4.8.1/avr6\libgcc.a(_copy_data.o)
 .text.libgcc.fmul
                0x00000000        0x0 c:/program files (x86)/atmel/atmel toolchain/avr8 gcc/native/3.4.1061/avr8-gnu-toolchain/bin/../lib/gcc/avr/4.8.1/avr6\libgcc.a(_copy_data.o)
 .text.libgcc.fixed
                0x00000000        0x0 c:/program files (x86)/atmel/atmel toolchain/avr8 gcc/native/3.4.1061/avr8-gnu-toolchain/bin/../lib/gcc/avr/4.8.1/avr6\libgcc.a(_copy_data.o)
 .text          0x00000000        0x0 c:/program files (x86)/atmel/atmel toolchain/avr8 gcc/native/3.4.1061/avr8-gnu-toolchain/bin/../lib/gcc/avr/4.8.1/avr6\libgcc.a(_clear_bss.o)
 .data          0x00000000        0x0 c:/program files (x86)/atmel/atmel toolchain/avr8 gcc/native/3.4.1061/avr8-gnu-toolchain/bin/../lib/gcc/avr/4.8.1/avr6\libgcc.a(_clear_bss.o)
 .bss           0x00000000        0x0 c:/program files (x86)/atmel/atmel toolchain/avr8 gcc/native/3.4.1061/avr8-gnu-toolchain/bin/../lib/gcc/avr/4.8.1/avr6\libgcc.a(_clear_bss.o)
 .text.libgcc.mul
                0x00000000        0x0 c:/program files (x86)/atmel/atmel toolchain/avr8 gcc/native/3.4.1061/avr8-gnu-toolchain/bin/../lib/gcc/avr/4.8.1/avr6\libgcc.a(_clear_bss.o)
 .text.libgcc.div
                0x00000000        0x0 c:/program files (x86)/atmel/atmel toolchain/avr8 gcc/native/3.4.1061/avr8-gnu-toolchain/bin/../lib/gcc/avr/4.8.1/avr6\libgcc.a(_clear_bss.o)
 .text.libgcc   0x00000000        0x0 c:/program files (x86)/atmel/atmel toolchain/avr8 gcc/native/3.4.1061/avr8-gnu-toolchain/bin/../lib/gcc/avr/4.8.1/avr6\libgcc.a(_clear_bss.o)
 .text.libgcc.prologue
                0x00000000        0x0 c:/program files (x86)/atmel/atmel toolchain/avr8 gcc/native/3.4.1061/avr8-gnu-toolchain/bin/../lib/gcc/avr/4.8.1/avr6\libgcc.a(_clear_bss.o)
 .text.libgcc.builtins
                0x00000000        0x0 c:/program files (x86)/atmel/atmel toolchain/avr8 gcc/native/3.4.1061/avr8-gnu-toolchain/bin/../lib/gcc/avr/4.8.1/avr6\libgcc.a(_clear_bss.o)
 .text.libgcc.fmul
                0x00000000        0x0 c:/program files (x86)/atmel/atmel toolchain/avr8 gcc/native/3.4.1061/avr8-gnu-toolchain/bin/../lib/gcc/avr/4.8.1/avr6\libgcc.a(_clear_bss.o)
 .text.libgcc.fixed
                0x00000000        0x0 c:/program files (x86)/atmel/atmel toolchain/avr8 gcc/native/3.4.1061/avr8-gnu-toolchain/bin/../lib/gcc/avr/4.8.1/avr6\libgcc.a(_clear_bss.o)
 .text          0x00000000        0x0 c:/program files (x86)/atmel/atmel toolchain/avr8 gcc/native/3.4.1061/avr8-gnu-toolchain/bin/../lib/gcc/avr/4.8.1/avr6\libgcc.a(_ctors.o)
 .data          0x00000000        0x0 c:/program files (x86)/atmel/atmel toolchain/avr8 gcc/native/3.4.1061/avr8-gnu-toolchain/bin/../lib/gcc/avr/4.8.1/avr6\libgcc.a(_ctors.o)
 .bss           0x00000000        0x0 c:/program files (x86)/atmel/atmel toolchain/avr8 gcc/native/3.4.1061/avr8-gnu-toolchain/bin/../lib/gcc/avr/4.8.1/avr6\libgcc.a(_ctors.o)
 .text.libgcc.mul
                0x00000000        0x0 c:/program files (x86)/atmel/atmel toolchain/avr8 gcc/native/3.4.1061/avr8-gnu-toolchain/bin/../lib/gcc/avr/4.8.1/avr6\libgcc.a(_ctors.o)
 .text.libgcc.div
                0x00000000        0x0 c:/program files (x86)/atmel/atmel toolchain/avr8 gcc/native/3.4.1061/avr8-gnu-toolchain/bin/../lib/gcc/avr/4.8.1/avr6\libgcc.a(_ctors.o)
 .text.libgcc   0x00000000        0x0 c:/program files (x86)/atmel/atmel toolchain/avr8 gcc/native/3.4.1061/avr8-gnu-toolchain/bin/../lib/gcc/avr/4.8.1/avr6\libgcc.a(_ctors.o)
 .text.libgcc.prologue
                0x00000000        0x0 c:/program files (x86)/atmel/atmel toolchain/avr8 gcc/native/3.4.1061/avr8-gnu-toolchain/bin/../lib/gcc/avr/4.8.1/avr6\libgcc.a(_ctors.o)
 .text.libgcc.builtins
                0x00000000        0x0 c:/program files (x86)/atmel/atmel toolchain/avr8 gcc/native/3.4.1061/avr8-gnu-toolchain/bin/../lib/gcc/avr/4.8.1/avr6\libgcc.a(_ctors.o)
 .text.libgcc.fmul
                0x00000000        0x0 c:/program files (x86)/atmel/atmel toolchain/avr8 gcc/native/3.4.1061/avr8-gnu-toolchain/bin/../lib/gcc/avr/4.8.1/avr6\libgcc.a(_ctors.o)
 .text.libgcc.fixed
                0x00000000        0x0 c:/program files (x86)/atmel/atmel toolchain/avr8 gcc/native/3.4.1061/avr8-gnu-toolchain/bin/../lib/gcc/avr/4.8.1/avr6\libgcc.a(_ctors.o)
 .text          0x00000000        0x0 c:/program files (x86)/atmel/atmel toolchain/avr8 gcc/native/3.4.1061/avr8-gnu-toolchain/bin/../lib/gcc/avr/4.8.1/avr6\libgcc.a(_tablejump_elpm.o)
 .data          0x00000000        0x0 c:/program files (x86)/atmel/atmel toolchain/avr8 gcc/native/3.4.1061/avr8-gnu-toolchain/bin/../lib/gcc/avr/4.8.1/avr6\libgcc.a(_tablejump_elpm.o)
 .bss           0x00000000        0x0 c:/program files (x86)/atmel/atmel toolchain/avr8 gcc/native/3.4.1061/avr8-gnu-toolchain/bin/../lib/gcc/avr/4.8.1/avr6\libgcc.a(_tablejump_elpm.o)
 .text.libgcc.mul
                0x00000000        0x0 c:/program files (x86)/atmel/atmel toolchain/avr8 gcc/native/3.4.1061/avr8-gnu-toolchain/bin/../lib/gcc/avr/4.8.1/avr6\libgcc.a(_tablejump_elpm.o)
 .text.libgcc.div
                0x00000000        0x0 c:/program files (x86)/atmel/atmel toolchain/avr8 gcc/native/3.4.1061/avr8-gnu-toolchain/bin/../lib/gcc/avr/4.8.1/avr6\libgcc.a(_tablejump_elpm.o)
 .text.libgcc.prologue
                0x00000000        0x0 c:/program files (x86)/atmel/atmel toolchain/avr8 gcc/native/3.4.1061/avr8-gnu-toolchain/bin/../lib/gcc/avr/4.8.1/avr6\libgcc.a(_tablejump_elpm.o)
 .text.libgcc.builtins
                0x00000000        0x0 c:/program files (x86)/atmel/atmel toolchain/avr8 gcc/native/3.4.1061/avr8-gnu-toolchain/bin/../lib/gcc/avr/4.8.1/avr6\libgcc.a(_tablejump_elpm.o)
 .text.libgcc.fmul
                0x00000000        0x0 c:/program files (x86)/atmel/atmel toolchain/avr8 gcc/native/3.4.1061/avr8-gnu-toolchain/bin/../lib/gcc/avr/4.8.1/avr6\libgcc.a(_tablejump_elpm.o)
 .text.libgcc.fixed
                0x00000000        0x0 c:/program files (x86)/atmel/atmel toolchain/avr8 gcc/native/3.4.1061/avr8-gnu-toolchain/bin/../lib/gcc/avr/4.8.1/avr6\libgcc.a(_tablejump_elpm.o)

Memory Configuration

Name             Origin             Length             Attributes
text             0x00000000         0x00100000         xr
data             0x00800200         0x0000fe00         rw !x
eeprom           0x00810000         0x00010000         rw !x
fuse             0x00820000         0x00000400         rw !x
lock             0x00830000         0x00000400         rw !x
signature        0x00840000         0x00000400         rw !x
user_signatures  0x00850000         0x00000400         rw !x
*default*        0x00000000         0xffffffff

Linker script and memory map

Address of section .data set to 0x800200
LOAD c:/program files (x86)/atmel/atmel toolchain/avr8 gcc/native/3.4.1061/avr8-gnu-toolchain/bin/../lib/gcc/avr/4.8.1/../../../../avr/lib/avr6/crtm2560.o
LOAD EletricSystem.o
LOAD MainClass.o
LOAD WaterSystem.o
START GROUP
END GROUP
LOAD c:/program files (x86)/atmel/atmel toolchain/avr8 gcc/native/3.4.1061/avr8-gnu-toolchain/bin/../lib/gcc/avr/4.8.1/avr6\libgcc.a
LOAD c:/program files (x86)/atmel/atmel toolchain/avr8 gcc/native/3.4.1061/avr8-gnu-toolchain/bin/../lib/gcc/avr/4.8.1/../../../../avr/lib/avr6\libm.a
START GROUP
LOAD c:/program files (x86)/atmel/atmel toolchain/avr8 gcc/native/3.4.1061/avr8-gnu-toolchain/bin/../lib/gcc/avr/4.8.1/avr6\libgcc.a
LOAD c:/program files (x86)/atmel/atmel toolchain/avr8 gcc/native/3.4.1061/avr8-gnu-toolchain/bin/../lib/gcc/avr/4.8.1/../../../../avr/lib/avr6\libm.a
LOAD c:/program files (x86)/atmel/atmel toolchain/avr8 gcc/native/3.4.1061/avr8-gnu-toolchain/bin/../lib/gcc/avr/4.8.1/../../../../avr/lib/avr6\libc.a
END GROUP

.hash
 *(.hash)

.dynsym
 *(.dynsym)

.dynstr
 *(.dynstr)

.gnu.version
 *(.gnu.version)

.gnu.version_d
 *(.gnu.version_d)

.gnu.version_r
 *(.gnu.version_r)

.rel.init
 *(.rel.init)

.rela.init
 *(.rela.init)

.rel.text
 *(.rel.text)
 *(.rel.text.*)
 *(.rel.gnu.linkonce.t*)

.rela.text
 *(.rela.text)
 *(.rela.text.*)
 *(.rela.gnu.linkonce.t*)

.rel.fini
 *(.rel.fini)

.rela.fini
 *(.rela.fini)

.rel.rodata
 *(.rel.rodata)
 *(.rel.rodata.*)
 *(.rel.gnu.linkonce.r*)

.rela.rodata
 *(.rela.rodata)
 *(.rela.rodata.*)
 *(.rela.gnu.linkonce.r*)

.rel.data
 *(.rel.data)
 *(.rel.data.*)
 *(.rel.gnu.linkonce.d*)

.rela.data
 *(.rela.data)
 *(.rela.data.*)
 *(.rela.gnu.linkonce.d*)

.rel.ctors
 *(.rel.ctors)

.rela.ctors
 *(.rela.ctors)

.rel.dtors
 *(.rel.dtors)

.rela.dtors
 *(.rela.dtors)

.rel.got
 *(.rel.got)

.rela.got
 *(.rela.got)

.rel.bss
 *(.rel.bss)

.rela.bss
 *(.rela.bss)

.rel.plt
 *(.rel.plt)

.rela.plt
 *(.rela.plt)

.text           0x00000000      0x1a6
 *(.vectors)
 .vectors       0x00000000       0xe4 c:/program files (x86)/atmel/atmel toolchain/avr8 gcc/native/3.4.1061/avr8-gnu-toolchain/bin/../lib/gcc/avr/4.8.1/../../../../avr/lib/avr6/crtm2560.o
                0x00000000                __vector_default
                0x00000000                __vectors
 *(.vectors)
 *(.progmem.gcc*)
                0x000000e4                . = ALIGN (0x2)
                0x000000e4                __trampolines_start = .
 *(.trampolines)
 .trampolines   0x000000e4        0x8 linker stubs
 *(.trampolines*)
                0x000000ec                __trampolines_end = .
 *(.progmem*)
                0x000000ec                . = ALIGN (0x2)
 *(.jumptables)
 *(.jumptables*)
 *(.lowtext)
 *(.lowtext*)
                0x000000ec                __ctors_start = .
 *(.ctors)
 .ctors         0x000000ec        0x2 EletricSystem.o
 .ctors         0x000000ee        0x2 WaterSystem.o
                0x000000f0                __ctors_end = .
                0x000000f0                __dtors_start = .
 *(.dtors)
                0x000000f0                __dtors_end = .
 SORT(*)(.ctors)
 SORT(*)(.dtors)
 *(.init0)
 .init0         0x000000f0        0x0 c:/program files (x86)/atmel/atmel toolchain/avr8 gcc/native/3.4.1061/avr8-gnu-toolchain/bin/../lib/gcc/avr/4.8.1/../../../../avr/lib/avr6/crtm2560.o
                0x000000f0                __init
 *(.init0)
 *(.init1)
 *(.init1)
 *(.init2)
 .init2         0x000000f0       0x10 c:/program files (x86)/atmel/atmel toolchain/avr8 gcc/native/3.4.1061/avr8-gnu-toolchain/bin/../lib/gcc/avr/4.8.1/../../../../avr/lib/avr6/crtm2560.o
 *(.init2)
 *(.init3)
 *(.init3)
 *(.init4)
 .init4         0x00000100       0x1a c:/program files (x86)/atmel/atmel toolchain/avr8 gcc/native/3.4.1061/avr8-gnu-toolchain/bin/../lib/gcc/avr/4.8.1/avr6\libgcc.a(_copy_data.o)
                0x00000100                __do_copy_data
 .init4         0x0000011a       0x10 c:/program files (x86)/atmel/atmel toolchain/avr8 gcc/native/3.4.1061/avr8-gnu-toolchain/bin/../lib/gcc/avr/4.8.1/avr6\libgcc.a(_clear_bss.o)
                0x0000011a                __do_clear_bss
 *(.init4)
 *(.init5)
 *(.init5)
 *(.init6)
 .init6         0x0000012a       0x20 c:/program files (x86)/atmel/atmel toolchain/avr8 gcc/native/3.4.1061/avr8-gnu-toolchain/bin/../lib/gcc/avr/4.8.1/avr6\libgcc.a(_ctors.o)
                0x0000012a                __do_global_ctors
 *(.init6)
 *(.init7)
 *(.init7)
 *(.init8)
 *(.init8)
 *(.init9)
 .init9         0x0000014a        0x8 c:/program files (x86)/atmel/atmel toolchain/avr8 gcc/native/3.4.1061/avr8-gnu-toolchain/bin/../lib/gcc/avr/4.8.1/../../../../avr/lib/avr6/crtm2560.o
 *(.init9)
 *(.text)
 .text          0x00000152        0x4 c:/program files (x86)/atmel/atmel toolchain/avr8 gcc/native/3.4.1061/avr8-gnu-toolchain/bin/../lib/gcc/avr/4.8.1/../../../../avr/lib/avr6/crtm2560.o
                0x00000152                __vector_38
                0x00000152                __vector_22
                0x00000152                __vector_28
                0x00000152                __vector_1
                0x00000152                __vector_32
                0x00000152                __vector_34
                0x00000152                __vector_24
                0x00000152                __vector_12
                0x00000152                __vector_55
                0x00000152                __vector_46
                0x00000152                __bad_interrupt
                0x00000152                __vector_6
                0x00000152                __vector_31
                0x00000152                __vector_35
                0x00000152                __vector_39
                0x00000152                __vector_3
                0x00000152                __vector_23
                0x00000152                __vector_30
                0x00000152                __vector_45
                0x00000152                __vector_25
                0x00000152                __vector_11
                0x00000152                __vector_54
                0x00000152                __vector_13
                0x00000152                __vector_17
                0x00000152                __vector_19
                0x00000152                __vector_56
                0x00000152                __vector_7
                0x00000152                __vector_49
                0x00000152                __vector_41
                0x00000152                __vector_43
                0x00000152                __vector_27
                0x00000152                __vector_5
                0x00000152                __vector_33
                0x00000152                __vector_47
                0x00000152                __vector_52
                0x00000152                __vector_37
                0x00000152                __vector_4
                0x00000152                __vector_44
                0x00000152                __vector_51
                0x00000152                __vector_9
                0x00000152                __vector_2
                0x00000152                __vector_21
                0x00000152                __vector_15
                0x00000152                __vector_36
                0x00000152                __vector_29
                0x00000152                __vector_40
                0x00000152                __vector_8
                0x00000152                __vector_26
                0x00000152                __vector_48
                0x00000152                __vector_14
                0x00000152                __vector_53
                0x00000152                __vector_10
                0x00000152                __vector_50
                0x00000152                __vector_16
                0x00000152                __vector_18
                0x00000152                __vector_20
                0x00000152                __vector_42
                0x00000156                . = ALIGN (0x2)
 *(.text.*)
 .text._GLOBAL__sub_I_port_to_mode_PGM
                0x00000156       0x30 EletricSystem.o
 .text._GLOBAL__sub_I_port_to_mode_PGM
                0x00000186       0x14 WaterSystem.o
 .text.libgcc   0x0000019a        0x8 c:/program files (x86)/atmel/atmel toolchain/avr8 gcc/native/3.4.1061/avr8-gnu-toolchain/bin/../lib/gcc/avr/4.8.1/avr6\libgcc.a(_tablejump_elpm.o)
                0x0000019a                __tablejump_elpm__
                0x000001a2                . = ALIGN (0x2)
 *(.fini9)
 .fini9         0x000001a2        0x0 c:/program files (x86)/atmel/atmel toolchain/avr8 gcc/native/3.4.1061/avr8-gnu-toolchain/bin/../lib/gcc/avr/4.8.1/avr6\libgcc.a(_exit.o)
                0x000001a2                _exit
                0x000001a2                exit
 *(.fini9)
 *(.fini8)
 *(.fini8)
 *(.fini7)
 *(.fini7)
 *(.fini6)
 *(.fini6)
 *(.fini5)
 *(.fini5)
 *(.fini4)
 *(.fini4)
 *(.fini3)
 *(.fini3)
 *(.fini2)
 *(.fini2)
 *(.fini1)
 *(.fini1)
 *(.fini0)
 .fini0         0x000001a2        0x4 c:/program files (x86)/atmel/atmel toolchain/avr8 gcc/native/3.4.1061/avr8-gnu-toolchain/bin/../lib/gcc/avr/4.8.1/avr6\libgcc.a(_exit.o)
 *(.fini0)
                0x000001a6                _etext = .

.data           0x00800200       0x10 load address 0x000001a6
                0x00800200                PROVIDE (__data_start, .)
 *(.data)
 *(.data*)
 *(.rodata)
 .rodata        0x00800200        0xa EletricSystem.o
 .rodata        0x0080020a        0x6 WaterSystem.o
 *(.rodata*)
 *(.gnu.linkonce.d*)
                0x00800210                . = ALIGN (0x2)
                0x00800210                _edata = .
                0x00800210                PROVIDE (__data_end, .)

.bss            0x00800210       0x1a
                0x00800210                PROVIDE (__bss_start, .)
 *(.bss)
 *(.bss*)
 .bss.EletricSystem
                0x00800210       0x14 EletricSystem.o
                0x00800210                EletricSystem
 .bss.WaterSystem
                0x00800224        0x6 WaterSystem.o
                0x00800224                WaterSystem
 *(COMMON)
                0x0080022a                PROVIDE (__bss_end, .)
                0x000001a6                __data_load_start = LOADADDR (.data)
                0x000001b6                __data_load_end = (__data_load_start + SIZEOF (.data))

.noinit         0x0080022a        0x0
                0x0080022a                PROVIDE (__noinit_start, .)
 *(.noinit*)
                0x0080022a                PROVIDE (__noinit_end, .)
                0x0080022a                _end = .
                0x0080022a                PROVIDE (__heap_start, .)

.eeprom         0x00810000        0x0
 *(.eeprom*)
                0x00810000                __eeprom_end = .

.fuse
 *(.fuse)
 *(.lfuse)
 *(.hfuse)
 *(.efuse)

.lock
 *(.lock*)

.signature
 *(.signature*)

.user_signatures
 *(.user_signatures*)

.stab
 *(.stab)

.stabstr
 *(.stabstr)

.stab.excl
 *(.stab.excl)

.stab.exclstr
 *(.stab.exclstr)

.stab.index
 *(.stab.index)

.stab.indexstr
 *(.stab.indexstr)

.comment        0x00000000       0x30
 *(.comment)
 .comment       0x00000000       0x30 EletricSystem.o
                                 0x31 (size before relaxing)
 .comment       0x00000000       0x31 WaterSystem.o

.note.gnu.build-id
 *(.note.gnu.build-id)

.debug
 *(.debug)

.line
 *(.line)

.debug_srcinfo
 *(.debug_srcinfo)

.debug_sfnames
 *(.debug_sfnames)

.debug_aranges  0x00000000       0x88
 *(.debug_aranges)
 .debug_aranges
                0x00000000       0x40 EletricSystem.o
 .debug_aranges
                0x00000040       0x48 WaterSystem.o

.debug_pubnames
 *(.debug_pubnames)

.debug_info     0x00000000      0xf8c
 *(.debug_info .gnu.linkonce.wi.*)
 .debug_info    0x00000000      0x775 EletricSystem.o
 .debug_info    0x00000775      0x817 WaterSystem.o

.debug_abbrev   0x00000000      0x4d2
 *(.debug_abbrev)
 .debug_abbrev  0x00000000      0x298 EletricSystem.o
 .debug_abbrev  0x00000298      0x23a WaterSystem.o

.debug_line     0x00000000      0x3da
 *(.debug_line .debug_line.* .debug_line_end)
 .debug_line    0x00000000      0x1fc EletricSystem.o
 .debug_line    0x000001fc      0x1de WaterSystem.o

.debug_frame    0x00000000      0x214
 *(.debug_frame)
 .debug_frame   0x00000000      0x11c EletricSystem.o
 .debug_frame   0x0000011c       0xf8 WaterSystem.o

.debug_str      0x00000000      0x5ca
 *(.debug_str)
 .debug_str     0x00000000      0x45a EletricSystem.o
                                0x4b0 (size before relaxing)
 .debug_str     0x0000045a      0x170 WaterSystem.o
                                0x474 (size before relaxing)

.debug_loc      0x00000000      0x7f6
 *(.debug_loc)
 .debug_loc     0x00000000      0x548 EletricSystem.o
 .debug_loc     0x00000548      0x2ae WaterSystem.o

.debug_macinfo
 *(.debug_macinfo)

.debug_weaknames
 *(.debug_weaknames)

.debug_funcnames
 *(.debug_funcnames)

.debug_typenames
 *(.debug_typenames)

.debug_varnames
 *(.debug_varnames)

.debug_pubtypes
 *(.debug_pubtypes)

.debug_ranges   0x00000000       0x68
 *(.debug_ranges)
 .debug_ranges  0x00000000       0x30 EletricSystem.o
 .debug_ranges  0x00000030       0x38 WaterSystem.o

.debug_macro
 *(.debug_macro)
OUTPUT(Maquete_Beta.elf elf32-avr)
LOAD linker stubs
